==================================================
ONYX Yacht Deals Update
==================================================
[i] 73 yachts available for 09.09.2026 - 16.09.2026
[i] 1217 yachts available for 16.09.2026 - 23.09.2026
[i] 1429 yachts available for 23.09.2026 - 30.09.2026
[i] 1801 yachts available for 30.09.2026 - 07.10.2026
[i] 2213 yachts available for 07.10.2026 - 14.10.2026
[i] wrote 50 deals to data/yachts.json
Pushed successfully.
==================================================
ONYX Yacht Deals update completed.
==================================================
==================================================
ONYX Yacht Deals Update
==================================================
[i] 64 yachts available for 10.09.2026 - 17.09.2026
[i] 1165 yachts available for 17.09.2026 - 24.09.2026
[i] 1305 yachts available for 24.09.2026 - 01.10.2026
[i] 1569 yachts available for 01.10.2026 - 08.10.2026
[i] 1763 yachts available for 08.10.2026 - 15.10.2026
[i] wrote 50 deals to data/yachts.json
Pushed successfully.
==================================================
ONYX Yacht Deals update completed.
==================================================
==================================================
ONYX Yacht Deals Update
==================================================
[i] 60 yachts available for 11.09.2026 - 18.09.2026
[i] 1408 yachts available for 18.09.2026 - 25.09.2026
[i] 1709 yachts available for 25.09.2026 - 02.10.2026
[i] 2280 yachts available for 02.10.2026 - 09.10.2026
[i] 2671 yachts available for 09.10.2026 - 16.10.2026
[i] wrote 50 deals to data/yachts.json
Pushed successfully.
[*] Posting top deal to Make.com...
[*] Posting top deal: Gulet • Blue Dream (-60%)
[+] Sent to Make.com webhook.
==================================================
ONYX Yacht Deals update completed.
==================================================
==================================================
ONYX Yacht Deals Update
==================================================
[i] 259 yachts available for 12.09.2026 - 19.09.2026
[i] 2413 yachts available for 19.09.2026 - 26.09.2026
[i] 3253 yachts available for 26.09.2026 - 03.10.2026
[i] 4791 yachts available for 03.10.2026 - 10.10.2026
[i] 6202 yachts available for 10.10.2026 - 17.10.2026
[i] wrote 50 deals to data/yachts.json
Pushed successfully.
[*] Posting top deal to Make.com...
[*] Posting top deal: Sun Odyssey 509 • KAOS (-74%)
[+] Sent to Make.com webhook.
==================================================
ONYX Yacht Deals update completed.
==================================================
==================================================
ONYX Yacht Deals Update
==================================================
[i] 55 yachts available for 13.09.2026 - 20.09.2026
[i] 1175 yachts available for 20.09.2026 - 27.09.2026
[i] 1432 yachts available for 27.09.2026 - 04.10.2026
[i] 1682 yachts available for 04.10.2026 - 11.10.2026
[i] 1899 yachts available for 11.10.2026 - 18.10.2026
[i] wrote 50 deals to data/yachts.json
Pushed successfully.
[*] Posting top deal to Make.com...
[*] Posting top deal: Ocean Star 51.2 • Anemelia (-64%)
[+] Sent to Make.com webhook.
==================================================
ONYX Yacht Deals update completed.
==================================================
==================================================
ONYX Yacht Deals Update
==================================================
[i] 60 yachts available for 14.09.2026 - 21.09.2026
[i] 1522 yachts available for 21.09.2026 - 28.09.2026
[i] 1979 yachts available for 28.09.2026 - 05.10.2026
[i] 2419 yachts available for 05.10.2026 - 12.10.2026
[i] 2763 yachts available for 12.10.2026 - 19.10.2026
[i] wrote 50 deals to data/yachts.json
Pushed successfully.
[*] Posting top deal to Make.com...
[*] Posting top deal: Gulet • Blue Dream (-60%)
[+] Sent to Make.com webhook.
==================================================
ONYX Yacht Deals update completed.
==================================================
==================================================
ONYX Yacht Deals Update
==================================================
[i] 60 yachts available for 15.09.2026 - 22.09.2026
[i] 1333 yachts available for 22.09.2026 - 29.09.2026
[i] 1683 yachts available for 29.09.2026 - 06.10.2026
[i] 1942 yachts available for 06.10.2026 - 13.10.2026
[i] 2050 yachts available for 13.10.2026 - 20.10.2026
[i] wrote 50 deals to data/yachts.json
Pushed successfully.
[*] Posting top deal to Make.com...
[*] Posting top deal: Gulet • Blue Dream (-60%)
[+] Sent to Make.com webhook.
==================================================
ONYX Yacht Deals update completed.
==================================================
==================================================
ONYX Yacht Deals Update
==================================================
[i] 61 yachts available for 15.09.2026 - 22.09.2026
[i] 1337 yachts available for 22.09.2026 - 29.09.2026
[i] 1705 yachts available for 29.09.2026 - 06.10.2026
[i] 1945 yachts available for 06.10.2026 - 13.10.2026
[i] 2051 yachts available for 13.10.2026 - 20.10.2026
[i] wrote 50 deals to data/yachts.json
Pushed successfully.
[*] Posting top deal to Make.com...
[*] Posting top deal: Gulet • Blue Dream (-60%)
[+] Sent to Make.com webhook.
==================================================
ONYX Yacht Deals update completed.
==================================================
==================================================
ONYX Yacht Deals Update
==================================================
Traceback (most recent call last):
  File "/root/onyx/skippercity_deals.py", line 259, in <module>
    results = find_best_discounts()
              ^^^^^^^^^^^^^^^^^^^^^
  File "/root/onyx/skippercity_deals.py", line 222, in find_best_discounts
    all_deals.extend(deals_for_window(date_from, date_to))
                     ^^^^^^^^^^^^^^^^^^^^^^^^^^^^^^^^^^^^
  File "/root/onyx/skippercity_deals.py", line 198, in deals_for_window
    html = fetch_page(date_from, date_to, results_per_page=100, page=1)
           ^^^^^^^^^^^^^^^^^^^^^^^^^^^^^^^^^^^^^^^^^^^^^^^^^^^^^^^^^^^^
  File "/root/onyx/skippercity_deals.py", line 111, in fetch_page
    resp.raise_for_status()
  File "/root/onyx/venv/lib/python3.12/site-packages/requests/models.py", line 1167, in raise_for_status
    raise HTTPError(http_error_msg, response=self)
requests.exceptions.HTTPError: 503 Server Error: Service Unavailable for url: https://www.booking-manager.com/wbm2/page.html
ERROR: Yacht data update failed.
==================================================
ONYX Yacht Deals Update
==================================================
[i] 62 yachts available for 17.09.2026 - 24.09.2026
[i] 1203 yachts available for 24.09.2026 - 01.10.2026
[i] 1535 yachts available for 01.10.2026 - 08.10.2026
[i] 1738 yachts available for 08.10.2026 - 15.10.2026
[i] 1838 yachts available for 15.10.2026 - 22.10.2026
[i] wrote 50 deals to data/yachts.json
Pushed successfully.
[*] Posting top deal to Make.com...
[*] Downloading boat photo...
[*] Rendering video (Ken Burns zoom + text overlay)...
[*] Uploading video to Telegram to get a CDN URL...
[*] Posting top deal: Gulet • Blue Dream (-60%)
[+] Sent to Make.com webhook.
==================================================
ONYX Yacht Deals update completed.
==================================================
==================================================
ONYX Yacht Deals Update
==================================================
[i] 64 yachts available for 18.09.2026 - 25.09.2026
[i] 1602 yachts available for 25.09.2026 - 02.10.2026
[i] 2101 yachts available for 02.10.2026 - 09.10.2026
[i] 2439 yachts available for 09.10.2026 - 16.10.2026
[i] 2671 yachts available for 16.10.2026 - 23.10.2026
[i] wrote 50 deals to data/yachts.json
Pushed successfully.
[*] Posting top deal to Make.com...
[*] Downloading boat photo...
[*] Rendering video (Ken Burns zoom + text overlay)...
[*] Uploading video to Telegram to get a CDN URL...
[*] Posting top deal: Gulet • Blue Dream (-60%)
[+] Sent to Make.com webhook.
==================================================
ONYX Yacht Deals update completed.
==================================================
==================================================
ONYX Yacht Deals Update
==================================================
[i] 243 yachts available for 19.09.2026 - 26.09.2026
[i] 3026 yachts available for 26.09.2026 - 03.10.2026
[i] 4503 yachts available for 03.10.2026 - 10.10.2026
[i] 5920 yachts available for 10.10.2026 - 17.10.2026
[i] 6825 yachts available for 17.10.2026 - 24.10.2026
[i] wrote 50 deals to data/yachts.json
Pushed successfully.
[*] Posting top deal to Make.com...
[*] Downloading boat photo...
[*] Rendering video (Ken Burns zoom + text overlay)...
[*] Uploading video to Telegram to get a CDN URL...
[*] Posting top deal: Sun Odyssey 509 • KAOS (-74%)
[+] Sent to Make.com webhook.
==================================================
ONYX Yacht Deals update completed.
==================================================
==================================================
ONYX Yacht Deals Update
==================================================
[i] 66 yachts available for 20.09.2026 - 27.09.2026
[i] 1352 yachts available for 27.09.2026 - 04.10.2026
[i] 1656 yachts available for 04.10.2026 - 11.10.2026
[i] 1871 yachts available for 11.10.2026 - 18.10.2026
[i] 1990 yachts available for 18.10.2026 - 25.10.2026
[i] wrote 50 deals to data/yachts.json
Pushed successfully.
[*] Posting top deal to Make.com...
[*] Downloading boat photo...
[*] Rendering video (Ken Burns zoom + text overlay)...
[*] Uploading video to Telegram to get a CDN URL...
[*] Posting top deal: Ocean Star 51.2 • Anemelia (-64%)
[+] Sent to Make.com webhook.
==================================================
ONYX Yacht Deals update completed.
==================================================
==================================================
ONYX Yacht Deals Update
==================================================
[i] 73 yachts available for 21.09.2026 - 28.09.2026
[i] 1885 yachts available for 28.09.2026 - 05.10.2026
[i] 2233 yachts available for 05.10.2026 - 12.10.2026
[i] 2521 yachts available for 12.10.2026 - 19.10.2026
[i] 2624 yachts available for 19.10.2026 - 26.10.2026
[i] wrote 50 deals to data/yachts.json
Pushed successfully.
[*] Posting top deal to Make.com...
[*] Downloading boat photo...
[*] Rendering video (Ken Burns zoom + text overlay)...
[*] Uploading video to Telegram to get a CDN URL...
[*] Posting top deal: Gulet • Blue Dream (-60%)
[+] Sent to Make.com webhook.
==================================================
ONYX Yacht Deals update completed.
==================================================
==================================================
ONYX Yacht Deals Update
==================================================
[i] 70 yachts available for 22.09.2026 - 29.09.2026
[i] 1614 yachts available for 29.09.2026 - 06.10.2026
[i] 1887 yachts available for 06.10.2026 - 13.10.2026
[i] 2005 yachts available for 13.10.2026 - 20.10.2026
[i] 2052 yachts available for 20.10.2026 - 27.10.2026
[i] wrote 50 deals to data/yachts.json
Pushed successfully.
[*] Posting top deal to Make.com...
[*] Downloading boat photo...
[*] Rendering video (Ken Burns zoom + text overlay)...
[*] Uploading video to Telegram to get a CDN URL...
[*] Posting top deal: Gulet • Blue Dream (-60%)
[+] Sent to Make.com webhook.
==================================================
ONYX Yacht Deals update completed.
==================================================
==================================================
ONYX Yacht Deals Update
==================================================
[i] 71 yachts available for 23.09.2026 - 30.09.2026
[i] 1465 yachts available for 30.09.2026 - 07.10.2026
[i] 1732 yachts available for 07.10.2026 - 14.10.2026
[i] 2220 yachts available for 14.10.2026 - 21.10.2026
[i] 2423 yachts available for 21.10.2026 - 28.10.2026
[i] wrote 50 deals to data/yachts.json
Pushed successfully.
[*] Posting top deal to Make.com...
[*] Downloading boat photo...
[*] Rendering video (Ken Burns zoom + text overlay)...
[*] Uploading video to Telegram to get a CDN URL...
[*] Posting top deal: Gulet • Blue Dream (-60%)
[+] Sent to Make.com webhook.
==================================================
ONYX Yacht Deals update completed.
==================================================
==================================================
ONYX Yacht Deals Update
==================================================
[i] 69 yachts available for 24.09.2026 - 01.10.2026
[i] 1450 yachts available for 01.10.2026 - 08.10.2026
[i] 1670 yachts available for 08.10.2026 - 15.10.2026
[i] 1788 yachts available for 15.10.2026 - 22.10.2026
[i] 1873 yachts available for 22.10.2026 - 29.10.2026
[i] wrote 50 deals to data/yachts.json
Pushed successfully.
[*] Posting top deal to Make.com...
[*] Downloading boat photo...
[*] Rendering video (Ken Burns zoom + text overlay)...
[*] Uploading video to Telegram to get a CDN URL...
[*] Posting top deal: Gulet • Blue Dream (-60%)
[+] Sent to Make.com webhook.
==================================================
ONYX Yacht Deals update completed.
==================================================
==================================================
ONYX Yacht Deals Update
==================================================
[i] 68 yachts available for 25.09.2026 - 02.10.2026
[i] 1991 yachts available for 02.10.2026 - 09.10.2026
[i] 2328 yachts available for 09.10.2026 - 16.10.2026
[i] 2613 yachts available for 16.10.2026 - 23.10.2026
[i] 2553 yachts available for 23.10.2026 - 30.10.2026
[i] wrote 50 deals to data/yachts.json
Pushed successfully.
[*] Posting top deal to Make.com...
[*] Downloading boat photo...
[*] Rendering video (Ken Burns zoom + text overlay)...
[*] Uploading video to Telegram to get a CDN URL...
[*] Posting top deal: Gulet • Blue Dream (-60%)
[+] Sent to Make.com webhook.
==================================================
ONYX Yacht Deals update completed.
==================================================
==================================================
ONYX Yacht Deals Update
==================================================
[i] 363 yachts available for 26.09.2026 - 03.10.2026
[i] 4238 yachts available for 03.10.2026 - 10.10.2026
[i] 5623 yachts available for 10.10.2026 - 17.10.2026
[i] 6540 yachts available for 17.10.2026 - 24.10.2026
[i] 6475 yachts available for 24.10.2026 - 31.10.2026
[i] wrote 50 deals to data/yachts.json
Pushed successfully.
[*] Posting top deal to Make.com...
[*] Downloading boat photo...
[*] Rendering video (Ken Burns zoom + text overlay)...
[*] Uploading video to Telegram to get a CDN URL...
[*] Posting top deal: Sun Odyssey 509 • KAOS (-74%)
[+] Sent to Make.com webhook.
==================================================
ONYX Yacht Deals update completed.
==================================================
==================================================
ONYX Yacht Deals Update
==================================================
[i] 90 yachts available for 27.09.2026 - 04.10.2026
[i] 1539 yachts available for 04.10.2026 - 11.10.2026
[i] 1826 yachts available for 11.10.2026 - 18.10.2026
[i] 1878 yachts available for 18.10.2026 - 25.10.2026
[i] 1640 yachts available for 25.10.2026 - 01.11.2026
[i] wrote 50 deals to data/yachts.json
Pushed successfully.
[*] Posting top deal to Make.com...
[*] Downloading boat photo...
[*] Rendering video (Ken Burns zoom + text overlay)...
[*] Uploading video to Telegram to get a CDN URL...
[*] Posting top deal: Ocean Star 51.2 • Anemelia (-64%)
[+] Sent to Make.com webhook.
==================================================
ONYX Yacht Deals update completed.
==================================================
==================================================
ONYX Yacht Deals Update
==================================================
[i] 93 yachts available for 28.09.2026 - 05.10.2026
[i] 2078 yachts available for 05.10.2026 - 12.10.2026
[i] 2392 yachts available for 12.10.2026 - 19.10.2026
[i] 2521 yachts available for 19.10.2026 - 26.10.2026
Traceback (most recent call last):
  File "/root/onyx/venv/lib/python3.12/site-packages/urllib3/connectionpool.py", line 540, in _make_request
    response = conn.getresponse()
               ^^^^^^^^^^^^^^^^^^
  File "/root/onyx/venv/lib/python3.12/site-packages/urllib3/connection.py", line 638, in getresponse
    httplib_response = super().getresponse()
                       ^^^^^^^^^^^^^^^^^^^^^
  File "/usr/lib/python3.12/http/client.py", line 1457, in getresponse
    response.begin()
  File "/usr/lib/python3.12/http/client.py", line 336, in begin
    version, status, reason = self._read_status()
                              ^^^^^^^^^^^^^^^^^^^
  File "/usr/lib/python3.12/http/client.py", line 297, in _read_status
    line = str(self.fp.readline(_MAXLINE + 1), "iso-8859-1")
               ^^^^^^^^^^^^^^^^^^^^^^^^^^^^^^
  File "/usr/lib/python3.12/socket.py", line 707, in readinto
    return self._sock.recv_into(b)
           ^^^^^^^^^^^^^^^^^^^^^^^
  File "/usr/lib/python3.12/ssl.py", line 1252, in recv_into
    return self.read(nbytes, buffer)
           ^^^^^^^^^^^^^^^^^^^^^^^^^
  File "/usr/lib/python3.12/ssl.py", line 1104, in read
    return self._sslobj.read(len, buffer)
           ^^^^^^^^^^^^^^^^^^^^^^^^^^^^^^
TimeoutError: The read operation timed out

The above exception was the direct cause of the following exception:

Traceback (most recent call last):
  File "/root/onyx/venv/lib/python3.12/site-packages/requests/adapters.py", line 696, in send
    resp = conn.urlopen(
           ^^^^^^^^^^^^^
  File "/root/onyx/venv/lib/python3.12/site-packages/urllib3/connectionpool.py", line 847, in urlopen
    retries = retries.increment(
              ^^^^^^^^^^^^^^^^^^
  File "/root/onyx/venv/lib/python3.12/site-packages/urllib3/util/retry.py", line 510, in increment
    raise reraise(type(error), error, _stacktrace)
          ^^^^^^^^^^^^^^^^^^^^^^^^^^^^^^^^^^^^^^^^
  File "/root/onyx/venv/lib/python3.12/site-packages/urllib3/util/util.py", line 39, in reraise
    raise value
  File "/root/onyx/venv/lib/python3.12/site-packages/urllib3/connectionpool.py", line 793, in urlopen
    response = self._make_request(
               ^^^^^^^^^^^^^^^^^^^
  File "/root/onyx/venv/lib/python3.12/site-packages/urllib3/connectionpool.py", line 542, in _make_request
    self._raise_timeout(err=e, url=url, timeout_value=read_timeout)
  File "/root/onyx/venv/lib/python3.12/site-packages/urllib3/connectionpool.py", line 373, in _raise_timeout
    raise ReadTimeoutError(
urllib3.exceptions.ReadTimeoutError: HTTPSConnectionPool(host='www.booking-manager.com', port=443): Read timed out. (read timeout=30)

During handling of the above exception, another exception occurred:

Traceback (most recent call last):
  File "/root/onyx/skippercity_deals.py", line 268, in <module>
    results = find_best_discounts()
              ^^^^^^^^^^^^^^^^^^^^^
  File "/root/onyx/skippercity_deals.py", line 231, in find_best_discounts
    all_deals.extend(deals_for_window(date_from, date_to))
                     ^^^^^^^^^^^^^^^^^^^^^^^^^^^^^^^^^^^^
  File "/root/onyx/skippercity_deals.py", line 207, in deals_for_window
    html = fetch_page(date_from, date_to, results_per_page=100, page=1)
           ^^^^^^^^^^^^^^^^^^^^^^^^^^^^^^^^^^^^^^^^^^^^^^^^^^^^^^^^^^^^
  File "/root/onyx/skippercity_deals.py", line 122, in fetch_page
    raise last_error
  File "/root/onyx/skippercity_deals.py", line 113, in fetch_page
    resp = requests.post(BASE_URL, data=payload, timeout=30,
           ^^^^^^^^^^^^^^^^^^^^^^^^^^^^^^^^^^^^^^^^^^^^^^^^^
  File "/root/onyx/venv/lib/python3.12/site-packages/requests/api.py", line 134, in post
    return request("post", url, data=data, json=json, **kwargs)
           ^^^^^^^^^^^^^^^^^^^^^^^^^^^^^^^^^^^^^^^^^^^^^^^^^^^^
  File "/root/onyx/venv/lib/python3.12/site-packages/requests/api.py", line 71, in request
    return session.request(method=method, url=url, **kwargs)
           ^^^^^^^^^^^^^^^^^^^^^^^^^^^^^^^^^^^^^^^^^^^^^^^^^
  File "/root/onyx/venv/lib/python3.12/site-packages/requests/sessions.py", line 651, in request
    resp = self.send(prep, **send_kwargs)
           ^^^^^^^^^^^^^^^^^^^^^^^^^^^^^^
  File "/root/onyx/venv/lib/python3.12/site-packages/requests/sessions.py", line 784, in send
    r = adapter.send(request, **kwargs)
        ^^^^^^^^^^^^^^^^^^^^^^^^^^^^^^^
  File "/root/onyx/venv/lib/python3.12/site-packages/requests/adapters.py", line 742, in send
    raise ReadTimeout(e, request=request)
requests.exceptions.ReadTimeout: HTTPSConnectionPool(host='www.booking-manager.com', port=443): Read timed out. (read timeout=30)
ERROR: Yacht data update failed.
==================================================
ONYX Yacht Deals Update
==================================================
[i] 130 yachts available for 29.09.2026 - 06.10.2026
[i] 1823 yachts available for 06.10.2026 - 13.10.2026
[i] 2024 yachts available for 13.10.2026 - 20.10.2026
[i] 2106 yachts available for 20.10.2026 - 27.10.2026
[i] 1519 yachts available for 27.10.2026 - 03.11.2026
[i] wrote 50 deals to data/yachts.json
fatal: unable to write loose object file: No space left on device
No change in yacht data - nothing to commit.
[*] Posting top deal to Make.com...
Traceback (most recent call last):
  File "/root/onyx/yacht_social_post.py", line 239, in <module>
    with tempfile.TemporaryDirectory() as tmp:
         ^^^^^^^^^^^^^^^^^^^^^^^^^^^^^
  File "/usr/lib/python3.12/tempfile.py", line 1021, in __init__
    self.name = mkdtemp(suffix, prefix, dir)
                ^^^^^^^^^^^^^^^^^^^^^^^^^^^^
  File "/usr/lib/python3.12/tempfile.py", line 512, in mkdtemp
    prefix, suffix, dir, output_type = _sanitize_params(prefix, suffix, dir)
                                       ^^^^^^^^^^^^^^^^^^^^^^^^^^^^^^^^^^^^^
  File "/usr/lib/python3.12/tempfile.py", line 265, in _sanitize_params
    dir = gettempdir()
          ^^^^^^^^^^^^
  File "/usr/lib/python3.12/tempfile.py", line 454, in gettempdir
    return _os.fsdecode(_gettempdir())
                        ^^^^^^^^^^^^^
  File "/usr/lib/python3.12/tempfile.py", line 447, in _gettempdir
    tempdir = _get_default_tempdir()
              ^^^^^^^^^^^^^^^^^^^^^^
  File "/usr/lib/python3.12/tempfile.py", line 362, in _get_default_tempdir
    raise FileNotFoundError(_errno.ENOENT,
FileNotFoundError: [Errno 2] No usable temporary directory found in ['/tmp', '/var/tmp', '/usr/tmp', '/root/onyx']
ERROR: Yacht social post failed (data update above still succeeded).
==================================================
ONYX Yacht Deals update completed.
==================================================
==================================================
ONYX Yacht Deals Update
==================================================
[i] 127 yachts available for 30.09.2026 - 07.10.2026
[i] 1916 yachts available for 07.10.2026 - 14.10.2026
[i] 2201 yachts available for 14.10.2026 - 21.10.2026
[i] 2399 yachts available for 21.10.2026 - 28.10.2026
[i] 1521 yachts available for 28.10.2026 - 04.11.2026
[i] wrote 50 deals to data/yachts.json
fatal: unable to write loose object file: No space left on device
No change in yacht data - nothing to commit.
[*] Posting top deal to Make.com...
Traceback (most recent call last):
  File "/root/onyx/yacht_social_post.py", line 239, in <module>
    with tempfile.TemporaryDirectory() as tmp:
         ^^^^^^^^^^^^^^^^^^^^^^^^^^^^^
  File "/usr/lib/python3.12/tempfile.py", line 1021, in __init__
    self.name = mkdtemp(suffix, prefix, dir)
                ^^^^^^^^^^^^^^^^^^^^^^^^^^^^
  File "/usr/lib/python3.12/tempfile.py", line 512, in mkdtemp
    prefix, suffix, dir, output_type = _sanitize_params(prefix, suffix, dir)
                                       ^^^^^^^^^^^^^^^^^^^^^^^^^^^^^^^^^^^^^
  File "/usr/lib/python3.12/tempfile.py", line 265, in _sanitize_params
    dir = gettempdir()
          ^^^^^^^^^^^^
  File "/usr/lib/python3.12/tempfile.py", line 454, in gettempdir
    return _os.fsdecode(_gettempdir())
                        ^^^^^^^^^^^^^
  File "/usr/lib/python3.12/tempfile.py", line 447, in _gettempdir
    tempdir = _get_default_tempdir()
              ^^^^^^^^^^^^^^^^^^^^^^
  File "/usr/lib/python3.12/tempfile.py", line 362, in _get_default_tempdir
    raise FileNotFoundError(_errno.ENOENT,
FileNotFoundError: [Errno 2] No usable temporary directory found in ['/tmp', '/var/tmp', '/